// Jest Snapshot v1, https://goo.gl/fbAQLP

exports[`LoginPage Should render without error 1`] = `ShallowWrapper {}`;
