// Jest Snapshot v1, https://goo.gl/fbAQLP

exports[`AuthenticationPage Should render without error 1`] = `ShallowWrapper {}`;
